http://purl.org/linkedpolitics/EUmember_28113
http://purl.org/linkedpolitics/EUmember_4258
http://purl.org/linkedpolitics/EUmember_23286
http://purl.org/linkedpolitics/EUmember_4522
http://purl.org/linkedpolitics/EUmember_39726
http://purl.org/linkedpolitics/EUmember_28113
http://purl.org/linkedpolitics/EUmember_39711
http://purl.org/linkedpolitics/EUmember_4537
http://purl.org/linkedpolitics/EUmember_4260
http://purl.org/linkedpolitics/EUmember_28320
http://purl.org/linkedpolitics/EUmember_28507
http://purl.org/linkedpolitics/EUmember_38604
http://purl.org/linkedpolitics/EUmember_28637
http://purl.org/linkedpolitics/EUmember_4258
http://purl.org/linkedpolitics/EUmember_1370
http://purl.org/linkedpolitics/EUmember_34720
http://purl.org/linkedpolitics/EUmember_40818
http://purl.org/linkedpolitics/EUmember_1370
http://purl.org/linkedpolitics/EUmember_28139
http://purl.org/linkedpolitics/EUmember_39318
http://purl.org/linkedpolitics/EUmember_39719
http://purl.org/linkedpolitics/EUmember_28507
http://purl.org/linkedpolitics/EUmember_28305
http://purl.org/linkedpolitics/EUmember_28507
http://purl.org/linkedpolitics/EUmember_28619
http://purl.org/linkedpolitics/EUmember_4552
http://purl.org/linkedpolitics/EUmember_28113
http://purl.org/linkedpolitics/EUmember_28514
http://purl.org/linkedpolitics/EUmember_1405
http://purl.org/linkedpolitics/EUmember_28269
http://purl.org/linkedpolitics/EUmember_4522
http://purl.org/linkedpolitics/EUmember_34720
http://purl.org/linkedpolitics/EUmember_2123
http://purl.org/linkedpolitics/EUmember_4549
http://purl.org/linkedpolitics/EUmember_28178
http://purl.org/linkedpolitics/EUmember_1370
http://purl.org/linkedpolitics/EUmember_39318
http://purl.org/linkedpolitics/EUmember_28514
http://purl.org/linkedpolitics/EUmember_28113
http://purl.org/linkedpolitics/EUmember_4552
http://purl.org/linkedpolitics/EUmember_28305
http://purl.org/linkedpolitics/EUmember_28178
http://purl.org/linkedpolitics/EUmember_28619
http://purl.org/linkedpolitics/EUmember_28305
http://purl.org/linkedpolitics/EUmember_4308
http://purl.org/linkedpolitics/EUmember_39719
http://purl.org/linkedpolitics/EUmember_28113
http://purl.org/linkedpolitics/EUmember_39318
http://purl.org/linkedpolitics/EUmember_1405
http://purl.org/linkedpolitics/EUmember_28281
http://purl.org/linkedpolitics/EUmember_4308
http://purl.org/linkedpolitics/EUmember_4522
http://purl.org/linkedpolitics/EUmember_28496
http://purl.org/linkedpolitics/EUmember_38420
http://purl.org/linkedpolitics/EUmember_97133
http://purl.org/linkedpolitics/EUmember_96692
http://purl.org/linkedpolitics/EUmember_39711
http://purl.org/linkedpolitics/EUmember_39711
http://purl.org/linkedpolitics/EUmember_97136
http://purl.org/linkedpolitics/EUmember_97136
http://purl.org/linkedpolitics/EUmember_38420
http://purl.org/linkedpolitics/EUmember_96937
http://purl.org/linkedpolitics/EUmember_96773
http://purl.org/linkedpolitics/EUmember_28514
http://purl.org/linkedpolitics/EUmember_96911
http://purl.org/linkedpolitics/EUmember_96727
http://purl.org/linkedpolitics/EUmember_96904
http://purl.org/linkedpolitics/EUmember_96937
http://purl.org/linkedpolitics/EUmember_4537
http://purl.org/linkedpolitics/EUmember_97133
http://purl.org/linkedpolitics/EUmember_96796
http://purl.org/linkedpolitics/EUmember_33989
http://purl.org/linkedpolitics/EUmember_96652
http://purl.org/linkedpolitics/EUmember_97007
http://purl.org/linkedpolitics/EUmember_4260
http://purl.org/linkedpolitics/EUmember_4537
http://purl.org/linkedpolitics/EUmember_28122
http://purl.org/linkedpolitics/EUmember_28171
http://purl.org/linkedpolitics/EUmember_2295
http://purl.org/linkedpolitics/EUmember_4537
http://purl.org/linkedpolitics/EUmember_4537
http://purl.org/linkedpolitics/EUmember_96682
http://purl.org/linkedpolitics/EUmember_28122
http://purl.org/linkedpolitics/EUmember_96835
http://purl.org/linkedpolitics/EUmember_25718
http://purl.org/linkedpolitics/EUmember_25718
http://purl.org/linkedpolitics/EUmember_96773
http://purl.org/linkedpolitics/EUmember_97007
http://purl.org/linkedpolitics/EUmember_97136
http://purl.org/linkedpolitics/EUmember_4537
http://purl.org/linkedpolitics/EUmember_96692
http://purl.org/linkedpolitics/EUmember_39726
http://purl.org/linkedpolitics/EUmember_4537
http://purl.org/linkedpolitics/EUmember_4537
http://purl.org/linkedpolitics/EUmember_28141
http://purl.org/linkedpolitics/EUmember_4260
http://purl.org/linkedpolitics/EUmember_96835
http://purl.org/linkedpolitics/EUmember_28178
http://purl.org/linkedpolitics/EUmember_2295
http://purl.org/linkedpolitics/EUmember_96703
http://purl.org/linkedpolitics/EUmember_28123
http://purl.org/linkedpolitics/EUmember_38420
http://purl.org/linkedpolitics/EUmember_97133
http://purl.org/linkedpolitics/EUmember_2054
http://purl.org/linkedpolitics/EUmember_1405
http://purl.org/linkedpolitics/EUmember_2054
http://purl.org/linkedpolitics/EUmember_23691
http://purl.org/linkedpolitics/EUmember_96835
http://purl.org/linkedpolitics/EUmember_38420
http://purl.org/linkedpolitics/EUmember_96682
http://purl.org/linkedpolitics/EUmember_97136
http://purl.org/linkedpolitics/EUmember_39711
http://purl.org/linkedpolitics/EUmember_1405
http://purl.org/linkedpolitics/EUmember_2054
http://purl.org/linkedpolitics/EUmember_28320
http://purl.org/linkedpolitics/EUmember_38595
http://purl.org/linkedpolitics/EUmember_2054
http://purl.org/linkedpolitics/EUmember_96773
http://purl.org/linkedpolitics/EUmember_4537
http://purl.org/linkedpolitics/EUmember_1405
http://purl.org/linkedpolitics/EUmember_1405
http://purl.org/linkedpolitics/EUmember_38420
http://purl.org/linkedpolitics/EUmember_28514
http://purl.org/linkedpolitics/EUmember_96773
http://purl.org/linkedpolitics/EUmember_1405
http://purl.org/linkedpolitics/EUmember_2054
http://purl.org/linkedpolitics/EUmember_107386
http://purl.org/linkedpolitics/EUmember_2054
http://purl.org/linkedpolitics/EUmember_2054
http://purl.org/linkedpolitics/EUmember_96835
http://purl.org/linkedpolitics/EUmember_23707
http://purl.org/linkedpolitics/EUmember_96692
http://purl.org/linkedpolitics/EUmember_4260
http://purl.org/linkedpolitics/EUmember_107386
