http://www.europarl.europa.eu/plenary/EN/vod.html?mode=unit&vodLanguage=EN&startTime=20080924-15:40:37-548
http://www.europarl.europa.eu/plenary/EN/vod.html?mode=unit&vodLanguage=EN&startTime=20080924-15:50:56-450
http://www.europarl.europa.eu/plenary/EN/vod.html?mode=unit&vodLanguage=EN&startTime=20080924-09:25:07-011
http://www.europarl.europa.eu/plenary/EN/vod.html?mode=unit&vodLanguage=EN&startTime=20080924-10:53:51-503
http://www.europarl.europa.eu/plenary/EN/vod.html?mode=unit&vodLanguage=EN&startTime=20080925-15:25:28-546
http://www.europarl.europa.eu/plenary/EN/vod.html?mode=unit&vodLanguage=EN&startTime=20081020-17:27:55-341
http://www.europarl.europa.eu/plenary/EN/vod.html?mode=unit&vodLanguage=EN&startTime=20081021-14:05:48-636
http://www.europarl.europa.eu/plenary/EN/vod.html?mode=unit&vodLanguage=EN&startTime=20081021-12:57:09-751
http://www.europarl.europa.eu/plenary/EN/vod.html?mode=unit&vodLanguage=EN&startTime=20081022-13:04:20-417
http://www.europarl.europa.eu/plenary/EN/vod.html?mode=unit&vodLanguage=EN&startTime=20081022-13:07:04-657
http://www.europarl.europa.eu/plenary/EN/vod.html?mode=unit&vodLanguage=EN&startTime=20081022-16:32:46-463
http://www.europarl.europa.eu/plenary/EN/vod.html?mode=unit&vodLanguage=EN&startTime=20081023-12:05:20-358
http://www.europarl.europa.eu/plenary/EN/vod.html?mode=unit&vodLanguage=EN&startTime=20081023-10:39:04-991
http://www.europarl.europa.eu/plenary/EN/vod.html?mode=unit&vodLanguage=EN&startTime=20081118-17:44:00-300
http://www.europarl.europa.eu/plenary/EN/vod.html?mode=unit&vodLanguage=EN&startTime=20081120-11:44:37-168
http://www.europarl.europa.eu/plenary/EN/vod.html?mode=unit&vodLanguage=EN&startTime=20081203-16:37:17-106
http://www.europarl.europa.eu/plenary/EN/vod.html?mode=unit&vodLanguage=EN&startTime=20081215-19:55:48-926
http://www.europarl.europa.eu/plenary/EN/vod.html?mode=unit&vodLanguage=EN&startTime=20081216-17:35:07-270
http://www.europarl.europa.eu/plenary/EN/vod.html?mode=unit&vodLanguage=EN&startTime=20081218-12:31:43-813
http://www.europarl.europa.eu/plenary/EN/vod.html?mode=unit&vodLanguage=EN&startTime=20081218-10:35:02-176
http://www.europarl.europa.eu/plenary/EN/vod.html?mode=unit&vodLanguage=EN&startTime=20090112-17:43:57-909
http://www.europarl.europa.eu/plenary/EN/vod.html?mode=unit&vodLanguage=EN&startTime=20090112-18:53:02-043
http://www.europarl.europa.eu/plenary/EN/vod.html?mode=unit&vodLanguage=EN&startTime=20090112-18:59:41-888
http://www.europarl.europa.eu/plenary/EN/vod.html?mode=unit&vodLanguage=EN&startTime=20090113-12:53:43-865
http://www.europarl.europa.eu/plenary/EN/vod.html?mode=unit&vodLanguage=EN&startTime=20090113-15:17:32-286
http://www.europarl.europa.eu/plenary/EN/vod.html?mode=unit&vodLanguage=EN&startTime=20090113-18:42:36-885
http://www.europarl.europa.eu/plenary/EN/vod.html?mode=unit&vodLanguage=EN&startTime=20090113-19:15:02-640
http://www.europarl.europa.eu/plenary/EN/vod.html?mode=unit&vodLanguage=EN&startTime=20090114-16:05:35-880
http://www.europarl.europa.eu/plenary/EN/vod.html?mode=unit&vodLanguage=EN&startTime=20090114-12:38:31-882
http://www.europarl.europa.eu/plenary/EN/vod.html?mode=unit&vodLanguage=EN&startTime=20090202-20:56:39-919
http://www.europarl.europa.eu/plenary/EN/vod.html?mode=unit&vodLanguage=EN&startTime=20090204-15:51:03-381
http://www.europarl.europa.eu/plenary/EN/vod.html?mode=unit&vodLanguage=EN&startTime=20090218-17:38:18-439
http://www.europarl.europa.eu/plenary/EN/vod.html?mode=unit&vodLanguage=EN&startTime=20090218-22:36:21-265
http://www.europarl.europa.eu/plenary/EN/vod.html?mode=unit&vodLanguage=EN&startTime=20090309-22:47:42-811
http://www.europarl.europa.eu/plenary/EN/vod.html?mode=unit&vodLanguage=EN&startTime=20090310-13:33:39-753
http://www.europarl.europa.eu/plenary/EN/vod.html?mode=unit&vodLanguage=EN&startTime=20090310-10:22:25-646
http://www.europarl.europa.eu/plenary/EN/vod.html?mode=unit&vodLanguage=EN&startTime=20090311-11:11:51-092
http://www.europarl.europa.eu/plenary/EN/vod.html?mode=unit&vodLanguage=EN&startTime=20090311-17:39:52-105
http://www.europarl.europa.eu/plenary/EN/vod.html?mode=unit&vodLanguage=EN&startTime=20090324-11:06:53-156
http://www.europarl.europa.eu/plenary/EN/vod.html?mode=unit&vodLanguage=EN&startTime=20090324-11:12:24-080
http://www.europarl.europa.eu/plenary/EN/vod.html?mode=unit&vodLanguage=EN&startTime=20090324-22:20:58-488
http://www.europarl.europa.eu/plenary/EN/vod.html?mode=unit&vodLanguage=EN&startTime=20090401-18:59:10-399
http://www.europarl.europa.eu/plenary/EN/vod.html?mode=unit&vodLanguage=EN&startTime=20090401-21:47:59-394
http://www.europarl.europa.eu/plenary/EN/vod.html?mode=unit&vodLanguage=EN&startTime=20090402-09:52:59-475
http://www.europarl.europa.eu/plenary/EN/vod.html?mode=unit&vodLanguage=EN&startTime=20090421-18:13:29-736
http://www.europarl.europa.eu/plenary/EN/vod.html?mode=unit&vodLanguage=EN&startTime=20090421-21:46:13-991
http://www.europarl.europa.eu/plenary/EN/vod.html?mode=unit&vodLanguage=EN&startTime=20090422-13:20:40-412
http://www.europarl.europa.eu/plenary/EN/vod.html?mode=unit&vodLanguage=EN&startTime=20090422-15:41:22-029
http://www.europarl.europa.eu/plenary/EN/vod.html?mode=unit&vodLanguage=EN&startTime=20090423-13:57:22-029
http://www.europarl.europa.eu/plenary/EN/vod.html?mode=unit&vodLanguage=EN&startTime=20090424-09:38:59-029
http://www.europarl.europa.eu/plenary/EN/vod.html?mode=unit&vodLanguage=EN&startTime=20090424-11:43:26-393
http://www.europarl.europa.eu/plenary/EN/vod.html?mode=unit&vodLanguage=EN&startTime=20090424-11:57:32-387
http://www.europarl.europa.eu/plenary/EN/vod.html?mode=unit&vodLanguage=EN&startTime=20090504-17:51:03-692
http://www.europarl.europa.eu/plenary/EN/vod.html?mode=unit&vodLanguage=EN&startTime=20090505-09:37:00-031
http://www.europarl.europa.eu/plenary/EN/vod.html?mode=unit&vodLanguage=EN&startTime=20090915-17:18:58-146
http://www.europarl.europa.eu/plenary/EN/vod.html?mode=unit&vodLanguage=EN&startTime=20090916-17:48:27-448
http://www.europarl.europa.eu/plenary/EN/vod.html?mode=unit&vodLanguage=EN&startTime=20090916-11:47:16-883
http://www.europarl.europa.eu/plenary/EN/vod.html?mode=unit&vodLanguage=EN&startTime=20090917-15:08:15-205
http://www.europarl.europa.eu/plenary/EN/vod.html?mode=unit&vodLanguage=EN&startTime=20091008-10:00:59-041
http://www.europarl.europa.eu/plenary/EN/vod.html?mode=unit&vodLanguage=EN&startTime=20091008-10:03:47-000
http://www.europarl.europa.eu/plenary/EN/vod.html?mode=unit&vodLanguage=EN&startTime=20091020-16:46:30-286
http://www.europarl.europa.eu/plenary/EN/vod.html?mode=unit&vodLanguage=EN&startTime=20091021-10:55:49-178
http://www.europarl.europa.eu/plenary/EN/vod.html?mode=unit&vodLanguage=EN&startTime=20091021-16:06:19-872
http://www.europarl.europa.eu/plenary/EN/vod.html?mode=unit&vodLanguage=EN&startTime=20091111-21:43:42-668
http://www.europarl.europa.eu/plenary/EN/vod.html?mode=unit&vodLanguage=EN&startTime=20091112-11:08:43-437
http://www.europarl.europa.eu/plenary/EN/vod.html?mode=unit&vodLanguage=EN&startTime=20091123-18:00:02-689
http://www.europarl.europa.eu/plenary/EN/vod.html?mode=unit&vodLanguage=EN&startTime=20091125-15:53:35-078
http://www.europarl.europa.eu/plenary/EN/vod.html?mode=unit&vodLanguage=EN&startTime=20091126-15:58:05-658
http://www.europarl.europa.eu/plenary/EN/vod.html?mode=unit&vodLanguage=EN&startTime=20091215-17:09:33-704
http://www.europarl.europa.eu/plenary/EN/vod.html?mode=unit&vodLanguage=EN&startTime=20100120-16:21:14-197
http://www.europarl.europa.eu/plenary/EN/vod.html?mode=unit&vodLanguage=EN&startTime=20100121-11:04:21-157
http://www.europarl.europa.eu/plenary/EN/vod.html?mode=unit&vodLanguage=EN&startTime=20100209-18:45:24-571
http://www.europarl.europa.eu/plenary/EN/vod.html?mode=unit&vodLanguage=EN&startTime=20100210-14:09:41-363
http://www.europarl.europa.eu/plenary/EN/vod.html?mode=unit&vodLanguage=EN&startTime=20100210-11:36:01-123
http://www.europarl.europa.eu/plenary/EN/vod.html?mode=unit&vodLanguage=EN&startTime=20100211-10:46:21-098
http://www.europarl.europa.eu/plenary/EN/vod.html?mode=unit&vodLanguage=EN&startTime=20100224-19:34:29-678
http://www.europarl.europa.eu/plenary/EN/vod.html?mode=unit&vodLanguage=EN&startTime=20100308-21:40:21-979
http://www.europarl.europa.eu/plenary/EN/vod.html?mode=unit&vodLanguage=EN&startTime=20100309-17:56:59-579
http://www.europarl.europa.eu/plenary/EN/vod.html?mode=unit&vodLanguage=EN&startTime=20100310-12:46:43-714
http://www.europarl.europa.eu/plenary/EN/vod.html?mode=unit&vodLanguage=EN&startTime=20100310-18:55:51-699
http://www.europarl.europa.eu/plenary/EN/vod.html?mode=unit&vodLanguage=EN&startTime=20100310-12:04:59-415
http://www.europarl.europa.eu/plenary/EN/vod.html?mode=unit&vodLanguage=EN&startTime=20100311-15:09:33-046
http://www.europarl.europa.eu/plenary/EN/vod.html?mode=unit&vodLanguage=EN&startTime=20100325-10:50:33-913
http://www.europarl.europa.eu/plenary/EN/vod.html?mode=unit&vodLanguage=EN&startTime=20100419-18:02:47-864
http://www.europarl.europa.eu/plenary/EN/vod.html?mode=unit&vodLanguage=EN&startTime=20100419-20:18:57-040
http://www.europarl.europa.eu/plenary/EN/vod.html?mode=unit&vodLanguage=EN&startTime=20100419-20:46:17-220
http://www.europarl.europa.eu/plenary/EN/vod.html?mode=unit&vodLanguage=EN&startTime=20100505-15:54:31-818
http://www.europarl.europa.eu/plenary/EN/vod.html?mode=unit&vodLanguage=EN&startTime=20100505-21:51:57-790
http://www.europarl.europa.eu/plenary/EN/vod.html?mode=unit&vodLanguage=EN&startTime=20100518-10:29:47-058
http://www.europarl.europa.eu/plenary/EN/vod.html?mode=unit&vodLanguage=EN&startTime=20100519-12:09:51-502
http://www.europarl.europa.eu/plenary/EN/vod.html?mode=unit&vodLanguage=EN&startTime=20100614-18:30:26-751
http://www.europarl.europa.eu/plenary/EN/vod.html?mode=unit&vodLanguage=EN&startTime=20100615-12:09:38-613
http://www.europarl.europa.eu/plenary/EN/vod.html?mode=unit&vodLanguage=EN&startTime=20100615-12:22:15-221
http://www.europarl.europa.eu/plenary/EN/vod.html?mode=unit&vodLanguage=EN&startTime=20100708-12:16:45-728
http://www.europarl.europa.eu/plenary/EN/vod.html?mode=unit&vodLanguage=EN&startTime=20100907-15:33:10-495
http://www.europarl.europa.eu/plenary/EN/vod.html?mode=unit&vodLanguage=EN&startTime=20100907-17:28:35-974
http://www.europarl.europa.eu/plenary/EN/vod.html?mode=unit&vodLanguage=EN&startTime=20100908-21:23:50-441
http://www.europarl.europa.eu/plenary/EN/vod.html?mode=unit&vodLanguage=EN&startTime=20100908-10:44:43-559
http://www.europarl.europa.eu/plenary/EN/vod.html?mode=unit&vodLanguage=EN&startTime=20100909-12:12:20-649
http://www.europarl.europa.eu/plenary/EN/vod.html?mode=unit&vodLanguage=EN&startTime=20101110-19:50:46-607
http://www.europarl.europa.eu/plenary/EN/vod.html?mode=unit&vodLanguage=EN&startTime=20101110-20:00:29-727
http://www.europarl.europa.eu/plenary/EN/vod.html?mode=unit&vodLanguage=EN&startTime=20101122-21:24:59-884
http://www.europarl.europa.eu/plenary/EN/vod.html?mode=unit&vodLanguage=EN&startTime=20101214-16:44:08-715
http://www.europarl.europa.eu/plenary/EN/vod.html?mode=unit&vodLanguage=EN&startTime=20101215-16:05:55-260
http://www.europarl.europa.eu/plenary/EN/vod.html?mode=unit&vodLanguage=EN&startTime=20101215-16:37:42-302
http://www.europarl.europa.eu/plenary/EN/vod.html?mode=unit&vodLanguage=EN&startTime=20101215-17:06:21-130
http://www.europarl.europa.eu/plenary/EN/vod.html?mode=unit&vodLanguage=EN&startTime=20110119-13:13:58-664
http://www.europarl.europa.eu/plenary/EN/vod.html?mode=unit&vodLanguage=EN&startTime=20110119-16:17:06-529
http://www.europarl.europa.eu/plenary/EN/vod.html?mode=unit&vodLanguage=EN&startTime=20110120-09:11:25-308
http://www.europarl.europa.eu/plenary/EN/vod.html?mode=unit&vodLanguage=EN&startTime=20110120-09:53:21-259
http://www.europarl.europa.eu/plenary/EN/vod.html?mode=unit&vodLanguage=EN&startTime=20110120-10:29:05-350
http://www.europarl.europa.eu/plenary/EN/vod.html?mode=unit&vodLanguage=EN&startTime=20110120-11:31:50-774
http://www.europarl.europa.eu/plenary/EN/vod.html?mode=unit&vodLanguage=EN&startTime=20110202-18:24:57-072
http://www.europarl.europa.eu/plenary/EN/vod.html?mode=unit&vodLanguage=EN&startTime=20110202-18:39:51-024
http://www.europarl.europa.eu/plenary/EN/vod.html?mode=unit&vodLanguage=EN&startTime=20110202-18:41:00-336
http://www.europarl.europa.eu/plenary/EN/vod.html?mode=unit&vodLanguage=EN&startTime=20110202-23:07:04-737
http://www.europarl.europa.eu/plenary/EN/vod.html?mode=unit&vodLanguage=EN&startTime=20110309-16:24:23-989
http://www.europarl.europa.eu/plenary/EN/vod.html?mode=unit&vodLanguage=EN&startTime=20110309-11:25:09-519
http://www.europarl.europa.eu/plenary/EN/vod.html?mode=unit&vodLanguage=EN&startTime=20110309-11:46:09-953
http://www.europarl.europa.eu/plenary/EN/vod.html?mode=unit&vodLanguage=EN&startTime=20110309-11:47:55-977
http://www.europarl.europa.eu/plenary/EN/vod.html?mode=unit&vodLanguage=EN&startTime=20110309-11:49:24-841
http://www.europarl.europa.eu/plenary/EN/vod.html?mode=unit&vodLanguage=EN&startTime=20110323-22:10:55-350
http://www.europarl.europa.eu/plenary/EN/vod.html?mode=unit&vodLanguage=EN&startTime=20110404-17:53:12-447
http://www.europarl.europa.eu/plenary/EN/vod.html?mode=unit&vodLanguage=EN&startTime=20110405-21:26:02-631
http://www.europarl.europa.eu/plenary/EN/vod.html?mode=unit&vodLanguage=EN&startTime=20110406-17:28:22-090
http://www.europarl.europa.eu/plenary/EN/vod.html?mode=unit&vodLanguage=EN&startTime=20110406-17:36:11-568
http://www.europarl.europa.eu/plenary/EN/vod.html?mode=unit&vodLanguage=EN&startTime=20110510-21:50:04-257
http://www.europarl.europa.eu/plenary/EN/vod.html?mode=unit&vodLanguage=EN&startTime=20110511-12:02:24-773
http://www.europarl.europa.eu/plenary/EN/vod.html?mode=unit&vodLanguage=EN&startTime=20110512-15:47:35-129
http://www.europarl.europa.eu/plenary/EN/vod.html?mode=unit&vodLanguage=EN&startTime=20110607-18:23:34-968
http://www.europarl.europa.eu/plenary/EN/vod.html?mode=unit&vodLanguage=EN&startTime=20110609-15:25:29-746
http://www.europarl.europa.eu/plenary/EN/vod.html?mode=unit&vodLanguage=EN&startTime=20110609-16:29:10-226
http://www.europarl.europa.eu/plenary/EN/vod.html?mode=unit&vodLanguage=EN&startTime=20110609-09:47:49-643
http://www.europarl.europa.eu/plenary/EN/vod.html?mode=unit&vodLanguage=EN&startTime=20110609-10:09:52-530
